Microchip MPLAB XC8 Compiler V1.45 ()

Linker command line:

-W-3 --edf=C:\Program Files (x86)\Microchip\xc8\v1.45\dat\en_msgs.txt -cs \
  -h+dist/default/production\AERO.X.production.sym \
  --cmf=dist/default/production\AERO.X.production.cmf -z -Q18F4620 \
  -oC:\Users\Admin\AppData\Local\Temp\s7js.2 \
  -Mdist/default/production/AERO.X.production.map -E1 -ver=XC8 \
  -ASTACK=0A9h-0f7fh -pstack=STACK -ACODE=00h-0FFFFh -ACONST=00h-0FFFFh \
  -ASMALLCONST=01000h-010FFhx240 -AMEDIUMCONST=01000h-0FFFFh \
  -ACOMRAM=01h-07Fh -AABS1=00h-0F7Fh -ABIGRAM=01h-0F7Fh \
  -ARAM=080h-0FFh,0100h-01FFhx14,0F00h-0F7Fh -ABANK0=080h-0FFh \
  -ABANK1=0100h-01FFh -ABANK2=0200h-02FFh -ABANK3=0300h-03FFh \
  -ABANK4=0400h-04FFh -ABANK5=0500h-05FFh -ABANK6=0600h-06FFh \
  -ABANK7=0700h-07FFh -ABANK8=0800h-08FFh -ABANK9=0900h-09FFh \
  -ABANK10=0A00h-0AFFh -ABANK11=0B00h-0BFFh -ABANK12=0C00h-0CFFh \
  -ABANK13=0D00h-0DFFh -ABANK14=0E00h-0EFFh -ABANK15=0F00h-0F7Fh \
  -ASFR=0F80h-0FFFh -preset_vec=00h,intcode=08h,intcodelo,powerup,init \
  -pramtop=01000h -psmallconst=SMALLCONST -pmediumconst=MEDIUMCONST \
  -pconst=CONST -AFARRAM=00h-00h -ACONFIG=0300000h-030000Dh -pconfig=CONFIG \
  -AIDLOC=0200000h-0200007h -pidloc=IDLOC -AEEDATA=0F00000h-0F003FFh \
  -peeprom_data=EEDATA \
  -prdata=COMRAM,nvrram=COMRAM,nvbit=COMRAM,rbss=COMRAM,rbit=COMRAM \
  -pfarbss=FARRAM,fardata=FARRAM,nvFARRAM=FARRAM \
  -pintsave_regs=BIGRAM,bigbss=BIGRAM,bigdata=BIGRAM -pbss=RAM \
  -pidata=CODE,irdata=CODE,ibigdata=CODE,ifardata=CODE -prparam=COMRAM \
  C:\Users\Admin\AppData\Local\Temp\s7js.obj \
  dist/default/production\AERO.X.production.obj 

Object code version is 3.11

Machine type is 18F4620

Call graph: (short form)




                Name                               Link     Load   Length Selector   Space Scale
C:\Users\Admin\AppData\Local\Temp\s7js.obj
                init                                  E        E        4        4       0
                reset_vec                             0        0        4        0       0
                idloc                            200000   200000        8   200000       0
                config                           300000   300000        E   300000       0
dist/default/production\AERO.X.production.obj
                intcode                               8        8        6        4       0
                temp                                 5E       5E        1        1       1
                mediumconst                        FE46     FE46      1BA     7F23       0
                text19                             1BD8     1BD8       7E        4       0
                text18                             1E08     1E08       14        4       0
                text17                             1DF4     1DF4       14        4       0
                text16                             1D84     1D84       2A        4       0
                text15                             176E     176E      124        4       0
                text14                             1892     1892       D2        4       0
                intcode_body                         12       12      796        4       0
                text12                             1964     1964       CE        4       0
                text11                             1AD4     1AD4       86        4       0
                text10                             1A32     1A32       A2        4       0
                text9                              1C56     1C56       6E        4       0
                text8                              11DC     11DC      328        4       0
                text7                              1B5A     1B5A       7E        4       0
                text6                              1DE0     1DE0       14        4       0
                text5                              1DCC     1DCC       14        4       0
                text4                              1D56     1D56       2E        4       0
                text3                               7A8      7A8      63E        4       0
                text2                              1CC4     1CC4       4C        4       0
                text1                              1504     1504      26A        4       0
                text0                               DE6      DE6      3F6        4       0
                cstackCOMRAM                          1        1       25        1       1
                cstackBANK0                          80       80       19       80       1
                bssBANK0                             99       99       10       80       1
                dataCOMRAM                           26       26       1E        1       1
                bssCOMRAM                            44       44       1A        1       1
                cinit                              1D10     1D10       46        4       0
                idataCOMRAM                        1DAE     1DAE       1E        4       0

TOTAL           Name                               Link     Load   Length     Space
        CLASS   STACK          

        CLASS   CODE           
                intcode                               8        8        6         0
                init                                  E        E        4         0
                reset_vec                             0        0        4         0
                text19                             1BD8     1BD8       7E         0
                text18                             1E08     1E08       14         0
                text17                             1DF4     1DF4       14         0
                text16                             1D84     1D84       2A         0
                text15                             176E     176E      124         0
                text14                             1892     1892       D2         0
                intcode_body                         12       12      796         0
                text12                             1964     1964       CE         0
                text11                             1AD4     1AD4       86         0
                text10                             1A32     1A32       A2         0
                text9                              1C56     1C56       6E         0
                text8                              11DC     11DC      328         0
                text7                              1B5A     1B5A       7E         0
                text6                              1DE0     1DE0       14         0
                text5                              1DCC     1DCC       14         0
                text4                              1D56     1D56       2E         0
                text3                               7A8      7A8      63E         0
                text2                              1CC4     1CC4       4C         0
                text1                              1504     1504      26A         0
                text0                               DE6      DE6      3F6         0
                cinit                              1D10     1D10       46         0
                idataCOMRAM                        1DAE     1DAE       1E         0

        CLASS   CONST          

        CLASS   SMALLCONST     

        CLASS   MEDIUMCONST    
                mediumconst                        FE46     FE46      1BA         0

        CLASS   COMRAM         
                temp                                 5E       5E        1         1
                cstackCOMRAM                          1        1       25         1
                dataCOMRAM                           26       26       1E         1
                bssCOMRAM                            44       44       1A         1

        CLASS   ABS1           

        CLASS   BIGRAM         

        CLASS   RAM            

        CLASS   BANK0          
                cstackBANK0                          80       80       19         1
                bssBANK0                             99       99       10         1

        CLASS   BANK1          

        CLASS   BANK2          

        CLASS   BANK3          

        CLASS   BANK4          

        CLASS   BANK5          

        CLASS   BANK6          

        CLASS   BANK7          

        CLASS   BANK8          

        CLASS   BANK9          

        CLASS   BANK10         

        CLASS   BANK11         

        CLASS   BANK12         

        CLASS   BANK13         

        CLASS   BANK14         

        CLASS   BANK15         

        CLASS   SFR            

        CLASS   FARRAM         

        CLASS   CONFIG         
                config                           300000   300000        E         0

        CLASS   IDLOC          
                idloc                            200000   200000        8         0

        CLASS   EEDATA         



SEGMENTS        Name                           Load    Length   Top    Selector   Space  Class

                reset_vec                      000000  000004  000004         0       0  CODE    
                cstackCOMRAM                   000001  00005E  00005F         1       1  COMRAM  
                intcode                        000008  001E14  001E1C         4       0  CODE    
                cstackBANK0                    000080  000029  0000A9        80       1  BANK0   
                mediumconst                    00FE46  0001BA  010000      7F23       0  MEDIUMCO
                idloc                          200000  000008  200008    200000       0  IDLOC   
                config                         300000  00000E  30000E    300000       0  CONFIG  


UNUSED ADDRESS RANGES

        Name                Unused          Largest block    Delta
        BANK0            0000A9-0000FF               57
        BANK1            000100-0001FF              100
        BANK10           000A00-000AFF              100
        BANK11           000B00-000BFF              100
        BANK12           000C00-000CFF              100
        BANK13           000D00-000DFF              100
        BANK14           000E00-000EFF              100
        BANK15           000F00-000F7F               80
        BANK2            000200-0002FF              100
        BANK3            000300-0003FF              100
        BANK4            000400-0004FF              100
        BANK5            000500-0005FF              100
        BANK6            000600-0006FF              100
        BANK7            000700-0007FF              100
        BANK8            000800-0008FF              100
        BANK9            000900-0009FF              100
        BIGRAM           00005F-00007F               21
                         0000A9-000F7F              ED7
        CODE             000004-000007                4
                         001E1C-00FE45             E02A
        COMRAM           00005F-00007F               21
        CONST            000004-000007                4
                         001E1C-00FE45             E02A
        EEDATA           F00000-F003FF              400
        MEDIUMCONST      001E1C-00FE45             E02A
        RAM              0000A9-000F7F              100
        SFR              000F80-000FFF               80
        SMALLCONST       001E1C-00FE45              100
        STACK            0000A9-000F7F              ED7

                                  Symbol Table

?___aldiv                         cstackBANK0  000080
?_printf                          cstackBANK0  000080
?_user_interface                  cstackBANK0  000085
?i2_printf                        cstackCOMRAM 000004
UART_Init@baud                    cstackCOMRAM 000022
_ADCON0                           (abs)        000FC2
_ADCON1                           (abs)        000FC1
_INT1IE                           (abs)        007F83
_INT1IF                           (abs)        007F80
_INTCONbits                       (abs)        000FF2
_LATA                             (abs)        000F89
_LATB                             (abs)        000F8A
_LATC                             (abs)        000F8B
_LATCbits                         (abs)        000F8B
_LATD                             (abs)        000F8C
_LATDbits                         (abs)        000F8C
_LATE                             (abs)        000F8D
_LCD_HORZ_LIMIT                   mediumconst  00FE5D
_LCD_LEFT                         mediumconst  00FE58
_LCD_RIGHT                        mediumconst  00FE59
_LCD_SIZE_HORZ                    mediumconst  00FE5B
_LCD_SIZE_VERT                    mediumconst  00FE5A
_LCD_VERT_LIMIT                   mediumconst  00FE5C
_LCDinterruptState                bssCOMRAM    00004A
_PORTB                            (abs)        000F81
_PORTCbits                        (abs)        000F82
_RCIE                             (abs)        007CED
_RCIF                             (abs)        007CF5
_RCREG                            (abs)        000FAE
_RCSTAbits                        (abs)        000FAB
_SPBRG                            (abs)        000FAF
_TRISA                            (abs)        000F92
_TRISB                            (abs)        000F93
_TRISC                            (abs)        000F94
_TRISC6                           (abs)        007CA6
_TRISC7                           (abs)        007CA7
_TRISD                            (abs)        000F95
_TRISE                            (abs)        000F96
_TRMT                             (abs)        007D61
_TXIE                             (abs)        007CEC
_TXIF                             (abs)        007CF4
_TXREG                            (abs)        000FAD
_TXSTAbits                        (abs)        000FAC
_UART                             dataCOMRAM   00003A
_UART_Init                        text11       001AD4
_UARTinterruptState               bssCOMRAM    00004B
__CFG_BOREN$SBORDIS               (abs)        000000
__CFG_BORV$3                      (abs)        000000
__CFG_CCP2MX$PORTC                (abs)        000000
__CFG_CP0$OFF                     (abs)        000000
__CFG_CP1$OFF                     (abs)        000000
__CFG_CP2$OFF                     (abs)        000000
__CFG_CP3$OFF                     (abs)        000000
__CFG_CPB$OFF                     (abs)        000000
__CFG_CPD$ON                      (abs)        000000
__CFG_EBTR0$OFF                   (abs)        000000
__CFG_EBTR1$OFF                   (abs)        000000
__CFG_EBTR2$OFF                   (abs)        000000
__CFG_EBTR3$OFF                   (abs)        000000
__CFG_EBTRB$OFF                   (abs)        000000
__CFG_FCMEN$OFF                   (abs)        000000
__CFG_IESO$OFF                    (abs)        000000
__CFG_LPT1OSC$OFF                 (abs)        000000
__CFG_LVP$OFF                     (abs)        000000
__CFG_MCLRE$ON                    (abs)        000000
__CFG_OSC$HSPLL                   (abs)        000000
__CFG_PBADEN$ON                   (abs)        000000
__CFG_PWRT$OFF                    (abs)        000000
__CFG_STVREN$ON                   (abs)        000000
__CFG_WDT$OFF                     (abs)        000000
__CFG_WDTPS$32768                 (abs)        000000
__CFG_WRT0$OFF                    (abs)        000000
__CFG_WRT1$OFF                    (abs)        000000
__CFG_WRT2$OFF                    (abs)        000000
__CFG_WRT3$OFF                    (abs)        000000
__CFG_WRTB$OFF                    (abs)        000000
__CFG_WRTC$OFF                    (abs)        000000
__CFG_WRTD$OFF                    (abs)        000000
__CFG_XINST$OFF                   (abs)        000000
__HRAM                            (abs)        000000
__Habs1                           abs1         000000
__Hbank0                          bank0        000000
__Hbank1                          bank1        000000
__Hbank10                         bank10       000000
__Hbank11                         bank11       000000
__Hbank12                         bank12       000000
__Hbank13                         bank13       000000
__Hbank14                         bank14       000000
__Hbank15                         bank15       000000
__Hbank2                          bank2        000000
__Hbank3                          bank3        000000
__Hbank4                          bank4        000000
__Hbank5                          bank5        000000
__Hbank6                          bank6        000000
__Hbank7                          bank7        000000
__Hbank8                          bank8        000000
__Hbank9                          bank9        000000
__Hbigbss                         bigbss       000000
__Hbigdata                        bigdata      000000
__Hbigram                         bigram       000000
__Hbss                            bss          000000
__HbssBANK0                       bssBANK0     000000
__HbssCOMRAM                      bssCOMRAM    000000
__Hcinit                          cinit        000000
__Hclrtext                        clrtext      000000
__Hcomram                         comram       000000
__Hconfig                         config       30000E
__Hconst                          const        000000
__HcstackBANK0                    cstackBANK0  000000
__HcstackCOMRAM                   cstackCOMRAM 000000
__Hdata                           data         000000
__HdataCOMRAM                     dataCOMRAM   000000
__Heeprom_data                    eeprom_data  000000
__Hfarbss                         farbss       000000
__Hfardata                        fardata      000000
__Hibigdata                       ibigdata     000000
__Hidata                          idata        000000
__HidataCOMRAM                    idataCOMRAM  000000
__Hidloc                          idloc        200008
__Hifardata                       ifardata     000000
__Hinit                           init         000012
__Hintcode                        intcode      00000E
__Hintcode_body                   intcode_body 000000
__Hintcodelo                      intcodelo    00000E
__Hintentry                       intentry     000000
__Hintret                         intret       000000
__Hintsave_regs                   intsave_regs 000000
__Hirdata                         irdata       000000
__Hmediumconst                    mediumconst  010000
__HnvFARRAM                       nvFARRAM     000000
__Hnvbit                          nvbit        000000
__Hnvrram                         nvrram       000000
__Hparam                          rparam       000000
__Hpowerup                        powerup      00000E
__Hram                            ram          000000
__Hramtop                         ramtop       001000
__Hrbit                           rbit         000000
__Hrbss                           rbss         000000
__Hrdata                          rdata        000000
__Hreset_vec                      reset_vec    000004
__Hrparam                         rparam       000000
__Hsfr                            sfr          000000
__Hsmallconst                     smallconst   000000
__Hspace_0                        (abs)        30000E
__Hspace_1                        (abs)        0000A9
__Hspace_2                        (abs)        000000
__Hstack                          stack        000000
__Hstruct                         struct       000000
__Htemp                           temp         00005F
__Htext                           text         000000
__Htext0                          text0        000000
__Htext1                          text1        000000
__Htext10                         text10       000000
__Htext11                         text11       000000
__Htext12                         text12       000000
__Htext14                         text14       000000
__Htext15                         text15       000000
__Htext16                         text16       000000
__Htext17                         text17       000000
__Htext18                         text18       000000
__Htext19                         text19       000000
__Htext2                          text2        000000
__Htext3                          text3        000000
__Htext4                          text4        000000
__Htext5                          text5        000000
__Htext6                          text6        000000
__Htext7                          text7        000000
__Htext8                          text8        000000
__Htext9                          text9        000000
__LRAM                            (abs)        000001
__Labs1                           abs1         000000
__Lbank0                          bank0        000000
__Lbank1                          bank1        000000
__Lbank10                         bank10       000000
__Lbank11                         bank11       000000
__Lbank12                         bank12       000000
__Lbank13                         bank13       000000
__Lbank14                         bank14       000000
__Lbank15                         bank15       000000
__Lbank2                          bank2        000000
__Lbank3                          bank3        000000
__Lbank4                          bank4        000000
__Lbank5                          bank5        000000
__Lbank6                          bank6        000000
__Lbank7                          bank7        000000
__Lbank8                          bank8        000000
__Lbank9                          bank9        000000
__Lbigbss                         bigbss       000000
__Lbigdata                        bigdata      000000
__Lbigram                         bigram       000000
__Lbss                            bss          000000
__LbssBANK0                       bssBANK0     000000
__LbssCOMRAM                      bssCOMRAM    000000
__Lcinit                          cinit        000000
__Lclrtext                        clrtext      000000
__Lcomram                         comram       000000
__Lconfig                         config       300000
__Lconst                          const        000000
__LcstackBANK0                    cstackBANK0  000000
__LcstackCOMRAM                   cstackCOMRAM 000000
__Ldata                           data         000000
__LdataCOMRAM                     dataCOMRAM   000000
__Leeprom_data                    eeprom_data  000000
__Lfarbss                         farbss       000000
__Lfardata                        fardata      000000
__Libigdata                       ibigdata     000000
__Lidata                          idata        000000
__LidataCOMRAM                    idataCOMRAM  000000
__Lidloc                          idloc        200000
__Lifardata                       ifardata     000000
__Linit                           init         00000E
__Lintcode                        intcode      000008
__Lintcode_body                   intcode_body 000000
__Lintcodelo                      intcodelo    00000E
__Lintentry                       intentry     000000
__Lintret                         intret       000000
__Lintsave_regs                   intsave_regs 000000
__Lirdata                         irdata       000000
__Lmediumconst                    mediumconst  00FE46
__LnvFARRAM                       nvFARRAM     000000
__Lnvbit                          nvbit        000000
__Lnvrram                         nvrram       000000
__Lparam                          rparam       000000
__Lpowerup                        powerup      00000E
__Lram                            ram          000000
__Lramtop                         ramtop       001000
__Lrbit                           rbit         000000
__Lrbss                           rbss         000000
__Lrdata                          rdata        000000
__Lreset_vec                      reset_vec    000000
__Lrparam                         rparam       000000
__Lsfr                            sfr          000000
__Lsmallconst                     smallconst   000000
__Lspace_0                        (abs)        000000
__Lspace_1                        (abs)        000000
__Lspace_2                        (abs)        000000
__Lstack                          stack        000000
__Lstruct                         struct       000000
__Ltemp                           temp         00005E
__Ltext                           text         000000
__Ltext0                          text0        000000
__Ltext1                          text1        000000
__Ltext10                         text10       000000
__Ltext11                         text11       000000
__Ltext12                         text12       000000
__Ltext14                         text14       000000
__Ltext15                         text15       000000
__Ltext16                         text16       000000
__Ltext17                         text17       000000
__Ltext18                         text18       000000
__Ltext19                         text19       000000
__Ltext2                          text2        000000
__Ltext3                          text3        000000
__Ltext4                          text4        000000
__Ltext5                          text5        000000
__Ltext6                          text6        000000
__Ltext7                          text7        000000
__Ltext8                          text8        000000
__Ltext9                          text9        000000
__S0                              (abs)        30000E
__S1                              (abs)        0000A9
__S2                              (abs)        000000
___aldiv                          text12       001964
___aldiv@counter                  cstackBANK0  000088
___aldiv@dividend                 cstackBANK0  000080
___aldiv@divisor                  cstackBANK0  000084
___aldiv@quotient                 cstackBANK0  00008A
___aldiv@sign                     cstackBANK0  000089
___inthi_sp                       stack        000000
___intlo_sp                       stack        000000
___param_bank                     (abs)        000000
___rparam_used                    (abs)        000001
___sp                             stack        000000
__accesstop                       (abs)        000080
__activetblptr                    (abs)        000002
__end_of_LCD_HORZ_LIMIT           mediumconst  00FE5E
__end_of_LCD_LEFT                 mediumconst  00FE59
__end_of_LCD_RIGHT                mediumconst  00FE5A
__end_of_LCD_SIZE_HORZ            mediumconst  00FE5C
__end_of_LCD_SIZE_VERT            mediumconst  00FE5B
__end_of_LCD_VERT_LIMIT           mediumconst  00FE5D
__end_of_UART_Init                text11       001B5A
__end_of___aldiv                  text12       001A32
__end_of__initialization          cinit        001D48
__end_of_findMode                 text9        001CC4
__end_of_initLCD                  text2        001D10
__end_of_interruptHandler         intcode_body 0007A8
__end_of_keys                     mediumconst  00FE58
__end_of_lcdInst                  text6        001DF4
__end_of_lcdNibble                text7        001BD8
__end_of_main                     text0        0011DC
__end_of_placeMarkers             text8        001504
__end_of_printf                   text4        001D84
__end_of_putch                    text5        001DE0
__end_of_resetSection             text15       001892
__end_of_savePrescriptionInfo     text14       001964
__end_of_sendPillRequests         text3        000DE6
__end_of_uartTransmitBlocking     text10       001AD4
__end_of_user_interface           text1        00176E
__end_ofi2_lcdInst                text18       001E1C
__end_ofi2_lcdNibble              text19       001C56
__end_ofi2_printf                 text16       001DAE
__end_ofi2_putch                  text17       001E08
__initialization                  cinit        001D10
__mediumconst                     mediumconst  00FE46
__pbssBANK0                       bssBANK0     000099
__pbssCOMRAM                      bssCOMRAM    000044
__pcinit                          cinit        001D10
__pcstackBANK0                    cstackBANK0  000080
__pcstackCOMRAM                   cstackCOMRAM 000001
__pdataCOMRAM                     dataCOMRAM   000026
__pidataCOMRAM                    idataCOMRAM  001DAE
__pintcode                        intcode      000008
__pintcode_body                   intcode_body 000012
__pmediumconst                    mediumconst  00FE46
__ptext0                          text0        000DE6
__ptext1                          text1        001504
__ptext10                         text10       001A32
__ptext11                         text11       001AD4
__ptext12                         text12       001964
__ptext14                         text14       001892
__ptext15                         text15       00176E
__ptext16                         text16       001D84
__ptext17                         text17       001DF4
__ptext18                         text18       001E08
__ptext19                         text19       001BD8
__ptext2                          text2        001CC4
__ptext3                          text3        0007A8
__ptext4                          text4        001D56
__ptext5                          text5        001DCC
__ptext6                          text6        001DE0
__ptext7                          text7        001B5A
__ptext8                          text8        0011DC
__ptext9                          text9        001C56
__ramtop                          ramtop       001000
__size_of_UART_Init               (abs)        000000
__size_of___aldiv                 (abs)        000000
__size_of_findMode                (abs)        000000
__size_of_initLCD                 (abs)        000000
__size_of_interruptHandler        (abs)        000000
__size_of_lcdInst                 (abs)        000000
__size_of_lcdNibble               (abs)        000000
__size_of_main                    (abs)        000000
__size_of_placeMarkers            (abs)        000000
__size_of_printf                  (abs)        000000
__size_of_putch                   (abs)        000000
__size_of_resetSection            (abs)        000000
__size_of_savePrescriptionInfo    (abs)        000000
__size_of_sendPillRequests        (abs)        000000
__size_of_uartTransmitBlocking    (abs)        000000
__size_of_user_interface          (abs)        000000
__size_ofi2_lcdInst               (abs)        000000
__size_ofi2_lcdNibble             (abs)        000000
__size_ofi2_printf                (abs)        000000
__size_ofi2_putch                 (abs)        000000
__smallconst                      smallconst   000000
_arr_dataRX                       bssBANK0     000099
_done                             bssCOMRAM    000044
_entryarray                       dataCOMRAM   000037
_findMode                         text9        001C56
_frequency_data                   bssCOMRAM    00004D
_initLCD                          text2        001CC4
_interruptHandler                 intcode      000008
_keys                             mediumconst  00FE47
_lcdInst                          text6        001DE0
_lcdNibble                        text7        001B5A
_main                             text0        000DE6
_modeOfOperation                  dataCOMRAM   000042
_numPills                         bssCOMRAM    000048
_num_pills_F_data                 dataCOMRAM   000040
_num_pills_L_data                 dataCOMRAM   00003F
_num_pills_R_data                 dataCOMRAM   000041
_pastPres                         dataCOMRAM   000043
_pillBox                          dataCOMRAM   000026
_placeMarkers                     text8        0011DC
_prescription                     dataCOMRAM   000034
_prescription_data                bssCOMRAM    00004F
_prevPills                        bssCOMRAM    000046
_printf                           text4        001D56
_putch                            text5        001DCC
_repetition_data                  bssCOMRAM    00004E
_reset                            bssCOMRAM    000050
_resetSection                     text15       00176E
_savePrescriptionInfo             text14       001892
_sendPillRequests                 text3        0007A8
_side                             bssCOMRAM    00004C
_uart                             bssCOMRAM    000052
_uartTransmitBlocking             text10       001A32
_user_interface                   text1        001504
_x                                bssCOMRAM    000051
btemp                             temp         00005E
end_of_initialization             cinit        001D48
findMode@F3044                    dataCOMRAM   00003D
findMode@arr                      cstackBANK0  000087
findMode@flag                     cstackBANK0  000085
findMode@input                    cstackBANK0  000083
i2_lcdInst                        text18       001E08
i2_lcdNibble                      text19       001BD8
i2_printf                         text16       001D84
i2_putch                          text17       001DF4
i2lcdInst@data                    cstackCOMRAM 000003
i2lcdNibble@data                  cstackCOMRAM 000002
i2lcdNibble@temp                  cstackCOMRAM 000001
i2printf@ap                       cstackCOMRAM 000006
i2printf@c                        cstackCOMRAM 000008
i2printf@f                        cstackCOMRAM 000004
i2putch@data                      cstackCOMRAM 000003
int$flags                         temp         00005E
int_func                          intcode_body 000012
interruptHandler@k                cstackCOMRAM 000021
interruptHandler@k_375            cstackCOMRAM 00001E
interruptHandler@keypress         cstackCOMRAM 000020
interruptHandler@keypress_374     cstackCOMRAM 00001F
intlevel0                         text         000000
intlevel1                         text         000000
intlevel2                         text         000000
intlevel3                         text         000000
lcdInst@data                      cstackCOMRAM 000024
lcdNibble@data                    cstackCOMRAM 000023
lcdNibble@temp                    cstackCOMRAM 000022
main@F3074                        dataCOMRAM   00003E
main@arr                          cstackBANK0  000098
main@input                        cstackBANK0  000096
main@res                          cstackBANK0  000094
printf@ap                         cstackBANK0  000082
printf@c                          cstackBANK0  000084
printf@f                          cstackBANK0  000080
putch@data                        cstackCOMRAM 000024
sendPillRequests@F3053            dataCOMRAM   00003C
sendPillRequests@arr              cstackBANK0  00008B
sendPillRequests@i                cstackBANK0  000087
sendPillRequests@input            cstackBANK0  000089
stackhi                           (abs)        000F7F
stacklo                           (abs)        0000A9
start                             init         00000E
start_initialization              cinit        001D10
uartTransmitBlocking@data         cstackCOMRAM 000022
uartTransmitBlocking@numBytes     cstackCOMRAM 000024
uartTransmitBlocking@numTransmits cstackBANK0  000080
wtemp6                            temp         00005F


FUNCTION INFORMATION:

 *************** function _main *****************
 Defined at:
		line 185 in file "main.c"
 Parameters:    Size  Location     Type
		None
 Auto vars:     Size  Location     Type
  input           2   22[BANK0 ] int 
  res             2   20[BANK0 ] int 
  arr             1   24[BANK0 ] unsigned char [1]
 Return value:  Size  Location     Type
                  1    wreg      void 
 Registers used:
		wreg, fsr2l, fsr2h, status,2, status,0, tblptrl, tblptrh, tblptru, prodl, prodh, cstack
 Tracked objects:
		On entry : 
		On exit  : 
		Unchanged: 
 Data sizes:     COMRAM   BANK0   BANK1   BANK2   BANK3   BANK4   BANK5   BANK6   BANK7   BANK8   BANK9  BANK10  BANK11  BANK12  BANK13  BANK14  BANK15
      Params:         0       0       0       0       0       0       0       0       0       0       0       0       0       0       0       0       0
      Locals:         0       5       0       0       0       0       0       0       0       0       0       0       0       0       0       0       0
      Temps:          0       2       0       0       0       0       0       0       0       0       0       0       0       0       0       0       0
      Totals:         0       7       0       0       0       0       0       0       0       0       0       0       0       0       0       0       0
Total ram usage:        7 bytes
 Hardware stack levels required when called:    9
 This function calls:
		_UART_Init
		_findMode
		_lcdInst
		_placeMarkers
		_printf
		_sendPillRequests
		_uartTransmitBlocking
		_user_interface
 This function is called by:
		Startup code after reset
 This function uses a non-reentrant model


 *************** function _user_interface *****************
 Defined at:
		line 82 in file "main.c"
 Parameters:    Size  Location     Type
		None
 Auto vars:     Size  Location     Type
		None
 Return value:  Size  Location     Type
                  2    5[BANK0 ] int 
 Registers used:
		wreg, status,2, status,0, tblptrl, tblptrh, tblptru, cstack
 Tracked objects:
		On entry : 
		On exit  : 
		Unchanged: 
 Data sizes:     COMRAM   BANK0   BANK1   BANK2   BANK3   BANK4   BANK5   BANK6   BANK7   BANK8   BANK9  BANK10  BANK11  BANK12  BANK13  BANK14  BANK15
      Params:         0       2       0       0       0       0       0       0       0       0       0       0       0       0       0       0       0
      Locals:         0       0       0       0       0       0       0       0       0       0       0       0       0       0       0       0       0
      Temps:          0       2       0       0       0       0       0       0       0       0       0       0       0       0       0       0       0
      Totals:         0       4       0       0       0       0       0       0       0       0       0       0       0       0       0       0       0
Total ram usage:        4 bytes
 Hardware stack levels used:    1
 Hardware stack levels required when called:    8
 This function calls:
		_initLCD
		_lcdInst
		_printf
 This function is called by:
		_main
 This function uses a non-reentrant model


 *************** function _initLCD *****************
 Defined at:
		line 63 in file "lcd.c"
 Parameters:    Size  Location     Type
		None
 Auto vars:     Size  Location     Type
		None
 Return value:  Size  Location     Type
                  1    wreg      void 
 Registers used:
		wreg, status,2, status,0, cstack
 Tracked objects:
		On entry : 
		On exit  : 
		Unchanged: 
 Data sizes:     COMRAM   BANK0   BANK1   BANK2   BANK3   BANK4   BANK5   BANK6   BANK7   BANK8   BANK9  BANK10  BANK11  BANK12  BANK13  BANK14  BANK15
      Params:         0       0       0       0       0       0       0       0       0       0       0       0       0       0       0       0       0
      Locals:         0       0       0       0       0       0       0       0       0       0       0       0       0       0       0       0       0
      Temps:          1       0       0       0       0       0       0       0       0       0       0       0       0       0       0       0       0
      Totals:         1       0       0       0       0       0       0       0       0       0       0       0       0       0       0       0       0
Total ram usage:        1 bytes
 Hardware stack levels used:    1
 Hardware stack levels required when called:    7
 This function calls:
		_lcdInst
 This function is called by:
		_user_interface
 This function uses a non-reentrant model


 *************** function _sendPillRequests *****************
 Defined at:
		line 295 in file "operation.c"
 Parameters:    Size  Location     Type
		None
 Auto vars:     Size  Location     Type
  i               2    7[BANK0 ] int 
  input           2    9[BANK0 ] int 
  arr             1   11[BANK0 ] unsigned char [1]
 Return value:  Size  Location     Type
                  1    wreg      void 
 Registers used:
		wreg, fsr2l, fsr2h, status,2, status,0, tblptrl, tblptrh, tblptru, prodl, prodh, cstack
 Tracked objects:
		On entry : 
		On exit  : 
		Unchanged: 
 Data sizes:     COMRAM   BANK0   BANK1   BANK2   BANK3   BANK4   BANK5   BANK6   BANK7   BANK8   BANK9  BANK10  BANK11  BANK12  BANK13  BANK14  BANK15
      Params:         0       0       0       0       0       0       0       0       0       0       0       0       0       0       0       0       0
      Locals:         0       5       0       0       0       0       0       0       0       0       0       0       0       0       0       0       0
      Temps:          0       2       0       0       0       0       0       0       0       0       0       0       0       0       0       0       0
      Totals:         0       7       0       0       0       0       0       0       0       0       0       0       0       0       0       0       0
Total ram usage:        7 bytes
 Hardware stack levels used:    1
 Hardware stack levels required when called:    8
 This function calls:
		_lcdInst
		_printf
		_uartTransmitBlocking
 This function is called by:
		_main
 This function uses a non-reentrant model


 *************** function _printf *****************
 Defined at:
		line 464 in file "C:\Program Files (x86)\Microchip\xc8\v1.45\sources\common\doprnt.c"
 Parameters:    Size  Location     Type
  f               2    0[BANK0 ] PTR const unsigned char 
		 -> STR_48(11), STR_47(11), STR_46(11), STR_45(11), 
		 -> STR_44(11), STR_43(11), STR_42(11), STR_41(14), 
		 -> STR_40(14), STR_39(14), STR_38(14), STR_37(14), 
		 -> STR_36(14), STR_35(14), STR_34(14), STR_33(11), 
		 -> STR_32(8), STR_31(15), STR_30(20), STR_29(10), 
		 -> STR_28(8), STR_27(18), STR_26(18), STR_25(9), 
		 -> STR_24(10), STR_23(9), STR_22(10), STR_21(10), 
		 -> STR_20(9), STR_19(10), STR_18(10), STR_17(9), 
		 -> STR_16(10), STR_15(16), STR_14(17), STR_13(2), 
		 -> STR_12(3), STR_11(3), STR_10(15), STR_9(15), 
		 -> STR_8(15), STR_7(15), STR_6(16), STR_5(17), 
		 -> STR_4(15), STR_3(15), STR_2(15), STR_1(15), 
 Auto vars:     Size  Location     Type
  tmpval          4    0        struct .
  cp              3    0        PTR const unsigned char 
  ap              2    2[BANK0 ] PTR void [1]
		 -> ?i2_printf(2), ?_printf(2), 
  len             2    0        unsigned int 
  val             2    0        unsigned int 
  c               1    4[BANK0 ] char 
  flag            1    0        unsigned char 
  prec            1    0        char 
 Return value:  Size  Location     Type
                  2    0[BANK0 ] int 
 Registers used:
		wreg, status,2, status,0, tblptrl, tblptrh, tblptru, cstack
 Tracked objects:
		On entry : 
		On exit  : 
		Unchanged: 
 Data sizes:     COMRAM   BANK0   BANK1   BANK2   BANK3   BANK4   BANK5   BANK6   BANK7   BANK8   BANK9  BANK10  BANK11  BANK12  BANK13  BANK14  BANK15
      Params:         0       2       0       0       0       0       0       0       0       0       0       0       0       0       0       0       0
      Locals:         0       3       0       0       0       0       0       0       0       0       0       0       0       0       0       0       0
      Temps:          0       0       0       0       0       0       0       0       0       0       0       0       0       0       0       0       0
      Totals:         0       5       0       0       0       0       0       0       0       0       0       0       0       0       0       0       0
Total ram usage:        5 bytes
 Hardware stack levels used:    1
 Hardware stack levels required when called:    7
 This function calls:
		_putch
 This function is called by:
		_user_interface
		_main
		_sendPillRequests
 This function uses a non-reentrant model


 *************** function _putch *****************
 Defined at:
		line 27 in file "lcd.c"
 Parameters:    Size  Location     Type
  data            1    wreg     unsigned char 
 Auto vars:     Size  Location     Type
  data            1   35[COMRAM] unsigned char 
 Return value:  Size  Location     Type
                  1    wreg      void 
 Registers used:
		wreg, status,2, status,0, cstack
 Tracked objects:
		On entry : 
		On exit  : 
		Unchanged: 
 Data sizes:     COMRAM   BANK0   BANK1   BANK2   BANK3   BANK4   BANK5   BANK6   BANK7   BANK8   BANK9  BANK10  BANK11  BANK12  BANK13  BANK14  BANK15
      Params:         0       0       0       0       0       0       0       0       0       0       0       0       0       0       0       0       0
      Locals:         1       0       0       0       0       0       0       0       0       0       0       0       0       0       0       0       0
      Temps:          0       0       0       0       0       0       0       0       0       0       0       0       0       0       0       0       0
      Totals:         1       0       0       0       0       0       0       0       0       0       0       0       0       0       0       0       0
Total ram usage:        1 bytes
 Hardware stack levels used:    1
 Hardware stack levels required when called:    6
 This function calls:
		_lcdNibble
 This function is called by:
		_printf
 This function uses a non-reentrant model


 *************** function _lcdInst *****************
 Defined at:
		line 14 in file "lcd.c"
 Parameters:    Size  Location     Type
  data            1    wreg     unsigned char 
 Auto vars:     Size  Location     Type
  data            1   35[COMRAM] unsigned char 
 Return value:  Size  Location     Type
                  1    wreg      void 
 Registers used:
		wreg, status,2, status,0, cstack
 Tracked objects:
		On entry : 
		On exit  : 
		Unchanged: 
 Data sizes:     COMRAM   BANK0   BANK1   BANK2   BANK3   BANK4   BANK5   BANK6   BANK7   BANK8   BANK9  BANK10  BANK11  BANK12  BANK13  BANK14  BANK15
      Params:         0       0       0       0       0       0       0       0       0       0       0       0       0       0       0       0       0
      Locals:         1       0       0       0       0       0       0       0       0       0       0       0       0       0       0       0       0
      Temps:          0       0       0       0       0       0       0       0       0       0       0       0       0       0       0       0       0
      Totals:         1       0       0       0       0       0       0       0       0       0       0       0       0       0       0       0       0
Total ram usage:        1 bytes
 Hardware stack levels used:    1
 Hardware stack levels required when called:    6
 This function calls:
		_lcdNibble
 This function is called by:
		_user_interface
		_main
		_initLCD
		_sendPillRequests
		_lcd_set_cursor
		_lcd_shift_cursor
		_lcd_shift_display
 This function uses a non-reentrant model


 *************** function _lcdNibble *****************
 Defined at:
		line 40 in file "lcd.c"
 Parameters:    Size  Location     Type
  data            1    wreg     unsigned char 
 Auto vars:     Size  Location     Type
  data            1   34[COMRAM] unsigned char 
  temp            1   33[COMRAM] unsigned char 
 Return value:  Size  Location     Type
                  1    wreg      void 
 Registers used:
		wreg, status,2, status,0
 Tracked objects:
		On entry : 
		On exit  : 
		Unchanged: 
 Data sizes:     COMRAM   BANK0   BANK1   BANK2   BANK3   BANK4   BANK5   BANK6   BANK7   BANK8   BANK9  BANK10  BANK11  BANK12  BANK13  BANK14  BANK15
      Params:         0       0       0       0       0       0       0       0       0       0       0       0       0       0       0       0       0
      Locals:         2       0       0       0       0       0       0       0       0       0       0       0       0       0       0       0       0
      Temps:          0       0       0       0       0       0       0       0       0       0       0       0       0       0       0       0       0
      Totals:         2       0       0       0       0       0       0       0       0       0       0       0       0       0       0       0       0
Total ram usage:        2 bytes
 Hardware stack levels used:    1
 Hardware stack levels required when called:    5
 This function calls:
		Nothing
 This function is called by:
		_lcdInst
		_putch
 This function uses a non-reentrant model


 *************** function _placeMarkers *****************
 Defined at:
		line 71 in file "operation.c"
 Parameters:    Size  Location     Type
		None
 Auto vars:     Size  Location     Type
		None
 Return value:  Size  Location     Type
                  2   48[None  ] int 
 Registers used:
		wreg, status,2, status,0
 Tracked objects:
		On entry : 
		On exit  : 
		Unchanged: 
 Data sizes:     COMRAM   BANK0   BANK1   BANK2   BANK3   BANK4   BANK5   BANK6   BANK7   BANK8   BANK9  BANK10  BANK11  BANK12  BANK13  BANK14  BANK15
      Params:         0       0       0       0       0       0       0       0       0       0       0       0       0       0       0       0       0
      Locals:         0       0       0       0       0       0       0       0       0       0       0       0       0       0       0       0       0
      Temps:          0       0       0       0       0       0       0       0       0       0       0       0       0       0       0       0       0
      Totals:         0       0       0       0       0       0       0       0       0       0       0       0       0       0       0       0       0
Total ram usage:        0 bytes
 Hardware stack levels used:    1
 Hardware stack levels required when called:    5
 This function calls:
		Nothing
 This function is called by:
		_main
 This function uses a non-reentrant model


 *************** function _findMode *****************
 Defined at:
		line 23 in file "operation.c"
 Parameters:    Size  Location     Type
		None
 Auto vars:     Size  Location     Type
  flag            2    5[BANK0 ] int 
  input           2    3[BANK0 ] int 
  arr             1    7[BANK0 ] unsigned char [1]
 Return value:  Size  Location     Type
                  1    wreg      void 
 Registers used:
		wreg, fsr2l, fsr2h, status,2, status,0, prodl, prodh, cstack
 Tracked objects:
		On entry : 
		On exit  : 
		Unchanged: 
 Data sizes:     COMRAM   BANK0   BANK1   BANK2   BANK3   BANK4   BANK5   BANK6   BANK7   BANK8   BANK9  BANK10  BANK11  BANK12  BANK13  BANK14  BANK15
      Params:         0       0       0       0       0       0       0       0       0       0       0       0       0       0       0       0       0
      Locals:         0       5       0       0       0       0       0       0       0       0       0       0       0       0       0       0       0
      Temps:          0       2       0       0       0       0       0       0       0       0       0       0       0       0       0       0       0
      Totals:         0       7       0       0       0       0       0       0       0       0       0       0       0       0       0       0       0
Total ram usage:        7 bytes
 Hardware stack levels used:    1
 Hardware stack levels required when called:    6
 This function calls:
		_uartTransmitBlocking
 This function is called by:
		_main
 This function uses a non-reentrant model


 *************** function _uartTransmitBlocking *****************
 Defined at:
		line 22 in file "UART_PIC.c"
 Parameters:    Size  Location     Type
  data            2   33[COMRAM] PTR unsigned char 
		 -> sendPillRequests@arr(1), findMode@arr(1), main@arr(1), 
  numBytes        1   35[COMRAM] unsigned char 
 Auto vars:     Size  Location     Type
  numTransmits    1    0[BANK0 ] unsigned char 
 Return value:  Size  Location     Type
                  1    wreg      void 
 Registers used:
		wreg, fsr2l, fsr2h, status,2, status,0, prodl, prodh
 Tracked objects:
		On entry : 
		On exit  : 
		Unchanged: 
 Data sizes:     COMRAM   BANK0   BANK1   BANK2   BANK3   BANK4   BANK5   BANK6   BANK7   BANK8   BANK9  BANK10  BANK11  BANK12  BANK13  BANK14  BANK15
      Params:         3       0       0       0       0       0       0       0       0       0       0       0       0       0       0       0       0
      Locals:         0       1       0       0       0       0       0       0       0       0       0       0       0       0       0       0       0
      Temps:          1       0       0       0       0       0       0       0       0       0       0       0       0       0       0       0       0
      Totals:         4       1       0       0       0       0       0       0       0       0       0       0       0       0       0       0       0
Total ram usage:        5 bytes
 Hardware stack levels used:    1
 Hardware stack levels required when called:    5
 This function calls:
		Nothing
 This function is called by:
		_main
		_findMode
		_sendPillRequests
 This function uses a non-reentrant model


 *************** function _UART_Init *****************
 Defined at:
		line 200 in file "UART_PIC.c"
 Parameters:    Size  Location     Type
  baud            4   33[COMRAM] long 
 Auto vars:     Size  Location     Type
		None
 Return value:  Size  Location     Type
                  1    wreg      void 
 Registers used:
		wreg, fsr2l, fsr2h, status,2, status,0, cstack
 Tracked objects:
		On entry : 
		On exit  : 
		Unchanged: 
 Data sizes:     COMRAM   BANK0   BANK1   BANK2   BANK3   BANK4   BANK5   BANK6   BANK7   BANK8   BANK9  BANK10  BANK11  BANK12  BANK13  BANK14  BANK15
      Params:         4       0       0       0       0       0       0       0       0       0       0       0       0       0       0       0       0
      Locals:         0       0       0       0       0       0       0       0       0       0       0       0       0       0       0       0       0
      Temps:          0       4       0       0       0       0       0       0       0       0       0       0       0       0       0       0       0
      Totals:         4       4       0       0       0       0       0       0       0       0       0       0       0       0       0       0       0
Total ram usage:        8 bytes
 Hardware stack levels used:    1
 Hardware stack levels required when called:    6
 This function calls:
		___aldiv
 This function is called by:
		_main
 This function uses a non-reentrant model


 *************** function ___aldiv *****************
 Defined at:
		line 8 in file "C:\Program Files (x86)\Microchip\xc8\v1.45\sources\common\aldiv.c"
 Parameters:    Size  Location     Type
  dividend        4    0[BANK0 ] long 
  divisor         4    4[BANK0 ] long 
 Auto vars:     Size  Location     Type
  quotient        4   10[BANK0 ] long 
  sign            1    9[BANK0 ] unsigned char 
  counter         1    8[BANK0 ] unsigned char 
 Return value:  Size  Location     Type
                  4    0[BANK0 ] long 
 Registers used:
		wreg, status,2, status,0
 Tracked objects:
		On entry : 
		On exit  : 
		Unchanged: 
 Data sizes:     COMRAM   BANK0   BANK1   BANK2   BANK3   BANK4   BANK5   BANK6   BANK7   BANK8   BANK9  BANK10  BANK11  BANK12  BANK13  BANK14  BANK15
      Params:         0       8       0       0       0       0       0       0       0       0       0       0       0       0       0       0       0
      Locals:         0       6       0       0       0       0       0       0       0       0       0       0       0       0       0       0       0
      Temps:          0       0       0       0       0       0       0       0       0       0       0       0       0       0       0       0       0
      Totals:         0      14       0       0       0       0       0       0       0       0       0       0       0       0       0       0       0
Total ram usage:       14 bytes
 Hardware stack levels used:    1
 Hardware stack levels required when called:    5
 This function calls:
		Nothing
 This function is called by:
		_UART_Init
 This function uses a non-reentrant model


 *************** function _interruptHandler *****************
 Defined at:
		line 319 in file "main.c"
 Parameters:    Size  Location     Type
		None
 Auto vars:     Size  Location     Type
  keypress        1   30[COMRAM] unsigned char 
  k               1   29[COMRAM] unsigned char 
  k               1   32[COMRAM] unsigned char 
  keypress        1   31[COMRAM] unsigned char 
 Return value:  Size  Location     Type
                  1    wreg      void 
 Registers used:
		wreg, status,2, status,0, tblptrl, tblptrh, tblptru, prodl, prodh, cstack
 Tracked objects:
		On entry : 
		On exit  : 
		Unchanged: 
 Data sizes:     COMRAM   BANK0   BANK1   BANK2   BANK3   BANK4   BANK5   BANK6   BANK7   BANK8   BANK9  BANK10  BANK11  BANK12  BANK13  BANK14  BANK15
      Params:         0       0       0       0       0       0       0       0       0       0       0       0       0       0       0       0       0
      Locals:         4       0       0       0       0       0       0       0       0       0       0       0       0       0       0       0       0
      Temps:         20       0       0       0       0       0       0       0       0       0       0       0       0       0       0       0       0
      Totals:        24       0       0       0       0       0       0       0       0       0       0       0       0       0       0       0       0
Total ram usage:       24 bytes
 Hardware stack levels used:    1
 Hardware stack levels required when called:    4
 This function calls:
		_resetSection
		_savePrescriptionInfo
		i2_lcdInst
		i2_printf
		i2_putch
 This function is called by:
		Interrupt level 2
 This function uses a non-reentrant model


 *************** function _savePrescriptionInfo *****************
 Defined at:
		line 47 in file "operation.c"
 Parameters:    Size  Location     Type
		None
 Auto vars:     Size  Location     Type
		None
 Return value:  Size  Location     Type
                  1    wreg      void 
 Registers used:
		wreg, status,2, status,0
 Tracked objects:
		On entry : 
		On exit  : 
		Unchanged: 
 Data sizes:     COMRAM   BANK0   BANK1   BANK2   BANK3   BANK4   BANK5   BANK6   BANK7   BANK8   BANK9  BANK10  BANK11  BANK12  BANK13  BANK14  BANK15
      Params:         0       0       0       0       0       0       0       0       0       0       0       0       0       0       0       0       0
      Locals:         0       0       0       0       0       0       0       0       0       0       0       0       0       0       0       0       0
      Temps:          0       0       0       0       0       0       0       0       0       0       0       0       0       0       0       0       0
      Totals:         0       0       0       0       0       0       0       0       0       0       0       0       0       0       0       0       0
Total ram usage:        0 bytes
 Hardware stack levels used:    1
 This function calls:
		Nothing
 This function is called by:
		_interruptHandler
 This function uses a non-reentrant model


 *************** function _resetSection *****************
 Defined at:
		line 24 in file "main.c"
 Parameters:    Size  Location     Type
		None
 Auto vars:     Size  Location     Type
		None
 Return value:  Size  Location     Type
                  1    wreg      void 
 Registers used:
		wreg, status,2, status,0, tblptrl, tblptrh, tblptru, cstack
 Tracked objects:
		On entry : 
		On exit  : 
		Unchanged: 
 Data sizes:     COMRAM   BANK0   BANK1   BANK2   BANK3   BANK4   BANK5   BANK6   BANK7   BANK8   BANK9  BANK10  BANK11  BANK12  BANK13  BANK14  BANK15
      Params:         0       0       0       0       0       0       0       0       0       0       0       0       0       0       0       0       0
      Locals:         0       0       0       0       0       0       0       0       0       0       0       0       0       0       0       0       0
      Temps:          1       0       0       0       0       0       0       0       0       0       0       0       0       0       0       0       0
      Totals:         1       0       0       0       0       0       0       0       0       0       0       0       0       0       0       0       0
Total ram usage:        1 bytes
 Hardware stack levels used:    1
 Hardware stack levels required when called:    3
 This function calls:
		i2_lcdInst
		i2_printf
 This function is called by:
		_interruptHandler
 This function uses a non-reentrant model


 *************** function i2_printf *****************
 Defined at:
		line 464 in file "C:\Program Files (x86)\Microchip\xc8\v1.45\sources\common\doprnt.c"
 Parameters:    Size  Location     Type
  f               2    3[COMRAM] PTR const unsigned char 
		 -> STR_48(11), STR_47(11), STR_46(11), STR_45(11), 
		 -> STR_44(11), STR_43(11), STR_42(11), STR_41(14), 
		 -> STR_40(14), STR_39(14), STR_38(14), STR_37(14), 
		 -> STR_36(14), STR_35(14), STR_34(14), STR_33(11), 
		 -> STR_32(8), STR_31(15), STR_30(20), STR_29(10), 
		 -> STR_28(8), STR_27(18), STR_26(18), STR_25(9), 
		 -> STR_24(10), STR_23(9), STR_22(10), STR_21(10), 
		 -> STR_20(9), STR_19(10), STR_18(10), STR_17(9), 
		 -> STR_16(10), STR_15(16), STR_14(17), STR_13(2), 
		 -> STR_12(3), STR_11(3), STR_10(15), STR_9(15), 
		 -> STR_8(15), STR_7(15), STR_6(16), STR_5(17), 
		 -> STR_4(15), STR_3(15), STR_2(15), STR_1(15), 
 Auto vars:     Size  Location     Type
  printf          4    0        struct .
  printf          3    0        PTR const unsigned char 
  printf          2    5[COMRAM] PTR void [1]
		 -> ?i2_printf(2), ?_printf(2), 
  printf          2    0        unsigned int 
  printf          2    0        unsigned int 
  printf          1    7[COMRAM] char 
  printf          1    0        unsigned char 
  printf          1    0        char 
 Return value:  Size  Location     Type
                  2    3[COMRAM] int 
 Registers used:
		wreg, status,2, status,0, tblptrl, tblptrh, tblptru, cstack
 Tracked objects:
		On entry : 
		On exit  : 
		Unchanged: 
 Data sizes:     COMRAM   BANK0   BANK1   BANK2   BANK3   BANK4   BANK5   BANK6   BANK7   BANK8   BANK9  BANK10  BANK11  BANK12  BANK13  BANK14  BANK15
      Params:         2       0       0       0       0       0       0       0       0       0       0       0       0       0       0       0       0
      Locals:         3       0       0       0       0       0       0       0       0       0       0       0       0       0       0       0       0
      Temps:          0       0       0       0       0       0       0       0       0       0       0       0       0       0       0       0       0
      Totals:         5       0       0       0       0       0       0       0       0       0       0       0       0       0       0       0       0
Total ram usage:        5 bytes
 Hardware stack levels used:    1
 Hardware stack levels required when called:    2
 This function calls:
		i2_putch
 This function is called by:
		_resetSection
		_interruptHandler
 This function uses a non-reentrant model


 *************** function i2_putch *****************
 Defined at:
		line 27 in file "lcd.c"
 Parameters:    Size  Location     Type
  data            1    wreg     unsigned char 
 Auto vars:     Size  Location     Type
  data            1    2[COMRAM] unsigned char 
 Return value:  Size  Location     Type
                  1    wreg      void 
 Registers used:
		wreg, status,2, status,0, cstack
 Tracked objects:
		On entry : 
		On exit  : 
		Unchanged: 
 Data sizes:     COMRAM   BANK0   BANK1   BANK2   BANK3   BANK4   BANK5   BANK6   BANK7   BANK8   BANK9  BANK10  BANK11  BANK12  BANK13  BANK14  BANK15
      Params:         0       0       0       0       0       0       0       0       0       0       0       0       0       0       0       0       0
      Locals:         1       0       0       0       0       0       0       0       0       0       0       0       0       0       0       0       0
      Temps:          0       0       0       0       0       0       0       0       0       0       0       0       0       0       0       0       0
      Totals:         1       0       0       0       0       0       0       0       0       0       0       0       0       0       0       0       0
Total ram usage:        1 bytes
 Hardware stack levels used:    1
 Hardware stack levels required when called:    1
 This function calls:
		i2_lcdNibble
 This function is called by:
		_interruptHandler
		i2_printf
 This function uses a non-reentrant model


 *************** function i2_lcdInst *****************
 Defined at:
		line 14 in file "lcd.c"
 Parameters:    Size  Location     Type
  data            1    wreg     unsigned char 
 Auto vars:     Size  Location     Type
  data            1    2[COMRAM] unsigned char 
 Return value:  Size  Location     Type
                  1    wreg      void 
 Registers used:
		wreg, status,2, status,0, cstack
 Tracked objects:
		On entry : 
		On exit  : 
		Unchanged: 
 Data sizes:     COMRAM   BANK0   BANK1   BANK2   BANK3   BANK4   BANK5   BANK6   BANK7   BANK8   BANK9  BANK10  BANK11  BANK12  BANK13  BANK14  BANK15
      Params:         0       0       0       0       0       0       0       0       0       0       0       0       0       0       0       0       0
      Locals:         1       0       0       0       0       0       0       0       0       0       0       0       0       0       0       0       0
      Temps:          0       0       0       0       0       0       0       0       0       0       0       0       0       0       0       0       0
      Totals:         1       0       0       0       0       0       0       0       0       0       0       0       0       0       0       0       0
Total ram usage:        1 bytes
 Hardware stack levels used:    1
 Hardware stack levels required when called:    1
 This function calls:
		i2_lcdNibble
 This function is called by:
		_resetSection
		_interruptHandler
 This function uses a non-reentrant model


 *************** function i2_lcdNibble *****************
 Defined at:
		line 40 in file "lcd.c"
 Parameters:    Size  Location     Type
  data            1    wreg     unsigned char 
 Auto vars:     Size  Location     Type
  data            1    1[COMRAM] unsigned char 
  lcdNibble       1    0[COMRAM] unsigned char 
 Return value:  Size  Location     Type
                  1    wreg      void 
 Registers used:
		wreg, status,2, status,0
 Tracked objects:
		On entry : 
		On exit  : 
		Unchanged: 
 Data sizes:     COMRAM   BANK0   BANK1   BANK2   BANK3   BANK4   BANK5   BANK6   BANK7   BANK8   BANK9  BANK10  BANK11  BANK12  BANK13  BANK14  BANK15
      Params:         0       0       0       0       0       0       0       0       0       0       0       0       0       0       0       0       0
      Locals:         2       0       0       0       0       0       0       0       0       0       0       0       0       0       0       0       0
      Temps:          0       0       0       0       0       0       0       0       0       0       0       0       0       0       0       0       0
      Totals:         2       0       0       0       0       0       0       0       0       0       0       0       0       0       0       0       0
Total ram usage:        2 bytes
 Hardware stack levels used:    1
 This function calls:
		Nothing
 This function is called by:
		i2_lcdInst
		i2_putch
 This function uses a non-reentrant model



MODULE INFORMATION

Module		Function		Class		Link	Load	Size
operation.c
		_sendPillRequests		CODE           	07A8	0000	1599
		_savePrescriptionInfo		CODE           	1892	0000	211
		_placeMarkers  		CODE           	11DC	0000	809
		_findMode      		CODE           	1C56	0000	111

operation.c estimated size: 2730

UART_PIC.c
		_UART_Init     		CODE           	1AD4	0000	135
		_uartTransmitBlocking		CODE           	1A32	0000	163

UART_PIC.c estimated size: 298

C:\Program Files (x86)\Microchip\xc8\v1.45\sources\common\doprnt.c
		_printf        		CODE           	1D56	0000	47

C:\Program Files (x86)\Microchip\xc8\v1.45\sources\common\doprnt.c estimated size: 47

shared
		i2_printf      		CODE           	1D84	0000	43
		i2_putch       		CODE           	1DF4	0000	21
		i2_lcdNibble   		CODE           	1BD8	0000	127
		_LCD_LEFT      		MEDIUMCONST    	FE58	0000	2
		_keys          		MEDIUMCONST    	FE47	0000	18
		_LCD_RIGHT     		MEDIUMCONST    	FE59	0000	2
		__initialization		CODE           	1D10	0000	57
		_LCD_VERT_LIMIT		MEDIUMCONST    	FE5C	0000	2
		_LCD_HORZ_LIMIT		MEDIUMCONST    	FE5D	0000	2
		_LCD_SIZE_VERT 		MEDIUMCONST    	FE5A	0000	2
		_LCD_SIZE_HORZ 		MEDIUMCONST    	FE5B	0000	2
		i2_lcdInst     		CODE           	1E08	0000	21

shared estimated size: 299

lcd.c
		_putch         		CODE           	1DCC	0000	21
		_lcdInst       		CODE           	1DE0	0000	21
		_lcdNibble     		CODE           	1B5A	0000	127
		_initLCD       		CODE           	1CC4	0000	77

lcd.c estimated size: 246

C:\Program Files (x86)\Microchip\xc8\v1.45\sources\common\aldiv.c
		___aldiv       		CODE           	1964	0000	207

C:\Program Files (x86)\Microchip\xc8\v1.45\sources\common\aldiv.c estimated size: 207

main.c
		_resetSection  		CODE           	176E	0000	293
		_main          		CODE           	0DE6	0000	1015
		_user_interface		CODE           	1504	0000	619
		_interruptHandler		CODE           	0008	0000	1949

main.c estimated size: 3876

